2025-06-02 19:04:44.774 16617-16617 scagency.itrack         com.euscagency.itrack                W  Loading /data/app/~~uWJHZW3ST4akDUB6w_o6WA==/com.google.android.webview-EikfaRnOsGku0EjuMeM8aw==/oat/x86_64/base.odex non-executable as it requires an image which we failed to load
2025-06-02 19:04:44.778 16617-16617 nativeloader            com.euscagency.itrack                D  Configuring clns-11 for other apk /data/app/~~uWJHZW3ST4akDUB6w_o6WA==/com.google.android.webview-EikfaRnOsGku0EjuMeM8aw==/base.apk. target_sdk_version=35, uses_libraries=, library_path=/data/app/~~uWJHZW3ST4akDUB6w_o6WA==/com.google.android.webview-EikfaRnOsGku0EjuMeM8aw==/lib/x86_64:/data/app/~~uWJHZW3ST4akDUB6w_o6WA==/com.google.android.webview-EikfaRnOsGku0EjuMeM8aw==/base.apk!/lib/x86_64:/data/app/~~6Slb3e_8yFv7IfCJLHuTLA==/com.google.android.trichromelibrary_710306038-G5zsPfYbb8Aacm6FxSLfYA==/base.apk!/lib/x86_64, permitted_path=/data:/mnt/expand
2025-06-02 19:04:44.960 16617-16617 cr_WVCFactoryProvider   com.euscagency.itrack                I  version=136.0.7103.60 (710306038) minSdkVersion=29 isBundle=false multiprocess=true packageId=2
2025-06-02 19:04:44.964 16617-16617 scagency.itrack         com.euscagency.itrack                I  AssetManager2(0x78eb59aa13d8) locale list changing from [] to [en-US]
2025-06-02 19:04:44.999 16617-16617 nativeloader            com.euscagency.itrack                D  Load /data/app/~~6Slb3e_8yFv7IfCJLHuTLA==/com.google.android.trichromelibrary_710306038-G5zsPfYbb8Aacm6FxSLfYA==/base.apk!/lib/x86_64/libmonochrome_64.so using class loader ns clns-11 (caller=/data/app/~~uWJHZW3ST4akDUB6w_o6WA==/com.google.android.webview-EikfaRnOsGku0EjuMeM8aw==/base.apk): ok
2025-06-02 19:04:45.009 16617-16617 nativeloader            com.euscagency.itrack                D  Load /system/lib64/libwebviewchromium_plat_support.so using class loader ns clns-11 (caller=/data/app/~~uWJHZW3ST4akDUB6w_o6WA==/com.google.android.webview-EikfaRnOsGku0EjuMeM8aw==/base.apk): ok
2025-06-02 19:04:45.043 16617-16636 chromium                com.euscagency.itrack                E  [0602/160445.021136:ERROR:android_webview/browser/variations/variations_seed_loader.cc:39] Seed missing signature.
2025-06-02 19:04:45.051 16617-16636 chromium                com.euscagency.itrack                I  [INFO:android_webview/browser/variations/variations_seed_loader.cc:67] Failed to open file for reading.: No such file or directory (2)
2025-06-02 19:04:45.055 16617-16617 cr_LibraryLoader        com.euscagency.itrack                I  Successfully loaded native library
2025-06-02 19:04:45.062 16617-16617 cr_CachingUmaRecorder   com.euscagency.itrack                I  Flushed 7 samples from 7 histograms, 0 samples were dropped.
2025-06-02 19:04:45.080 16617-16617 cr_CombinedPProvider    com.euscagency.itrack                I  #registerProvider() provider:WV.J8@cdfe2db isPolicyCacheEnabled:false policyProvidersSize:0
2025-06-02 19:04:45.134 16617-16617 cr_PolicyProvider       com.euscagency.itrack                I  #setManagerAndSource() 0
2025-06-02 19:04:45.141 16617-16617 scagency.itrack         com.euscagency.itrack                I  AssetManager2(0x78eb59aa9718) locale list changing from [] to [en-US]
2025-06-02 19:04:45.143 16617-16617 scagency.itrack         com.euscagency.itrack                I  AssetManager2(0x78eb59aa2cd8) locale list changing from [] to [en-US]
2025-06-02 19:04:45.223 16617-16617 cr_CombinedPProvider    com.euscagency.itrack                I  #linkNativeInternal() 1
2025-06-02 19:04:45.227 16617-16617 cr_AppResProvider       com.euscagency.itrack                I  #getApplicationRestrictionsFromUserManager() Bundle[EMPTY_PARCEL]
2025-06-02 19:04:45.227 16617-16617 cr_PolicyProvider       com.euscagency.itrack                I  #notifySettingsAvailable() 0
2025-06-02 19:04:45.228 16617-16617 cr_CombinedPProvider    com.euscagency.itrack                I  #onSettingsAvailable() 0
2025-06-02 19:04:45.228 16617-16617 cr_CombinedPProvider    com.euscagency.itrack                I  #flushPolicies()
2025-06-02 19:04:45.755 16617-16617 CompatChangeReporter    com.euscagency.itrack                D  Compat change id reported: 352594277; UID 10220; state: ENABLED
2025-06-02 19:04:45.821 16617-16617 Capacitor               com.euscagency.itrack                D  Starting BridgeActivity
2025-06-02 19:04:45.950 16617-16617 Capacitor               com.euscagency.itrack                D  Registering plugin instance: CapacitorCookies
2025-06-02 19:04:45.958 16617-16617 Capacitor               com.euscagency.itrack                D  Registering plugin instance: WebView
2025-06-02 19:04:45.964 16617-16617 Capacitor               com.euscagency.itrack                D  Registering plugin instance: CapacitorHttp
2025-06-02 19:04:45.968 16617-16617 Capacitor               com.euscagency.itrack                D  Registering plugin instance: Http
2025-06-02 19:04:45.972 16617-16617 Capacitor               com.euscagency.itrack                D  Registering plugin instance: Device
2025-06-02 19:04:45.975 16617-16617 Capacitor               com.euscagency.itrack                D  Registering plugin instance: Geolocation
2025-06-02 19:04:46.183 16617-16617 Capacitor               com.euscagency.itrack                W  Unable to read file at path public/plugins
2025-06-02 19:04:46.196 16617-16617 Capacitor               com.euscagency.itrack                D  Loading app at https://localhost
2025-06-02 19:04:46.276 16617-16659 cr_media                com.euscagency.itrack                W  BLUETOOTH_CONNECT permission is missing.
2025-06-02 19:04:46.294 16617-16659 cr_media                com.euscagency.itrack                W  getBluetoothAdapter() requires BLUETOOTH permission
2025-06-02 19:04:46.295 16617-16659 cr_media                com.euscagency.itrack                W  registerBluetoothIntentsIfNeeded: Requires BLUETOOTH permission
2025-06-02 19:04:46.355 16617-16679 libc                    com.euscagency.itrack                W  Access denied finding property "vendor.mesa.log"
2025-06-02 19:04:46.356 16617-16679 libc                    com.euscagency.itrack                W  Access denied finding property "vendor.mesa.log.file"
2025-06-02 19:04:46.356 16617-16679 MESA                    com.euscagency.itrack                E  Failed to open rendernode: No such file or directory
2025-06-02 19:04:46.402 16617-16617 Capacitor               com.euscagency.itrack                D  App started
2025-06-02 19:04:46.407 16617-16617 Capacitor               com.euscagency.itrack                D  App resumed
2025-06-02 19:04:46.418 16617-16679 libc                    com.euscagency.itrack                W  Access denied finding property "vendor.mesa.vk.trace.per.submit"
2025-06-02 19:04:46.418 16617-16679 libc                    com.euscagency.itrack                W  Access denied finding property "vendor.mesa.gallium.print.optio"
2025-06-02 19:04:46.418 16617-16679 libc                    com.euscagency.itrack                W  Access denied finding property "vendor.mesa.vk.trace.frame"
2025-06-02 19:04:46.437 16617-16679 libc                    com.euscagency.itrack                W  Access denied finding property "vendor.mesa.vk.wsi.headless.swa"
2025-06-02 19:04:46.465 16617-16617 CompatChangeReporter    com.euscagency.itrack                D  Compat change id reported: 349153669; UID 10220; state: ENABLED
2025-06-02 19:04:46.479 16617-16617 HWUI                    com.euscagency.itrack                W  Unknown dataspace 0
2025-06-02 19:04:46.518 16617-16654 Capacitor               com.euscagency.itrack                D  Handling local request: https://localhost/
2025-06-02 19:04:46.582 16617-16692 CameraManagerGlobal     com.euscagency.itrack                I  Connecting to camera service
2025-06-02 19:04:46.957 16617-16652 Capacitor               com.euscagency.itrack                D  Handling local request: https://localhost/assets/index-BWX9wwRB.js
2025-06-02 19:04:46.961 16617-16653 Capacitor               com.euscagency.itrack                D  Handling local request: https://localhost/assets/index-CRn63NJD.css
2025-06-02 19:04:47.026 16617-16629 HWUI                    com.euscagency.itrack                I  Davey! duration=704ms; Flags=1, FrameTimelineVsyncId=506092, IntendedVsync=17553354222706, Vsync=17553704222692, InputEventId=0, HandleInputStart=17553716734640, AnimationStart=17553716771340, PerformTraversalsStart=17553847061440, DrawStart=17553987820640, FrameDeadline=17553370889372, FrameStartTime=17553715217740, FrameInterval=16666666, WorkloadTarget=16666666, SyncQueued=17553994490040, SyncStart=17554008911240, IssueDrawCommandsStart=17554009054640, SwapBuffers=17554046408540, FrameCompleted=17554073041940, DequeueBufferDuration=503800, QueueBufferDuration=461500, GpuCompleted=17554073041940, SwapBuffersCompleted=17554071016940, DisplayPresentTime=0, CommandSubmissionCompleted=17554046408540, 
2025-06-02 19:04:47.251 16617-16617 InsetsController        com.euscagency.itrack                D  hide(ime(), fromIme=false)
2025-06-02 19:04:47.254 16617-16617 ImeTracker              com.euscagency.itrack                I  com.euscagency.itrack:b93a5e43: onCancelled at PHASE_CLIENT_ALREADY_HIDDEN
2025-06-02 19:04:47.326 16617-16666 VideoCapabilities       com.euscagency.itrack                W  Unsupported mime video/apv
2025-06-02 19:04:47.327 16617-16666 VideoCapabilities       com.euscagency.itrack                W  Unsupported mime video/apv
2025-06-02 19:04:47.904 16617-16617 Capacitor/Console       com.euscagency.itrack                I  File: https://localhost/assets/index-BWX9wwRB.js - Line 48 - Msg: Restabilire control GPS din localStorage
2025-06-02 19:04:48.137 16617-16617 Capacitor/Console       com.euscagency.itrack                I  File: https://localhost/assets/index-BWX9wwRB.js - Line 48 - Msg: [Transport] Sesiune deja inițializată, se omite restaurarea
2025-06-02 19:04:48.166 16617-16617 Capacitor/Console       com.euscagency.itrack                D  File: https://localhost/assets/index-BWX9wwRB.js - Line 48 - Msg: [stateManager] Sesiune marcată ca inițializată 
2025-06-02 19:04:48.166 16617-16617 Capacitor/Console       com.euscagency.itrack                I  File: https://localhost/assets/index-BWX9wwRB.js - Line 48 - Msg: Verificare sesiune existentă la pornirea aplicației
2025-06-02 19:04:48.167 16617-16617 Capacitor/Console       com.euscagency.itrack                I  File: https://localhost/assets/index-BWX9wwRB.js - Line 48 - Msg: Sesiune găsită, restaurez starea autentificării
2025-06-02 19:04:48.167 16617-16617 Capacitor/Console       com.euscagency.itrack                I  File: https://localhost/assets/index-BWX9wwRB.js - Line 48 - Msg: Setare control acces GPS: Auth=true, Transport=false
2025-06-02 19:04:48.185 16617-16617 Capacitor/Console       com.euscagency.itrack                I  File: https://localhost/assets/index-BWX9wwRB.js - Line 48 - Msg: [system] Interceptor pentru consolă instalat 
2025-06-02 19:04:48.199 16617-16617 Capacitor/Console       com.euscagency.itrack                I  File: https://localhost/assets/index-BWX9wwRB.js - Line 48 - Msg: [system] Aplicație pornită [object Object]
2025-06-02 19:04:48.213 16617-16622 scagency.itrack         com.euscagency.itrack                I  Compiler allocated 5042KB to compile void android.view.ViewRootImpl.performTraversals()
2025-06-02 19:04:48.286 16617-16617 Capacitor/Console       com.euscagency.itrack                I  File: https://localhost/assets/index-BWX9wwRB.js - Line 48 - Msg: [Transport] Sesiune deja inițializată, se omite restaurarea
2025-06-02 19:04:48.292 16617-16617 Capacitor               com.euscagency.itrack                D  onGeolocationPermissionsShowPrompt: DOING IT HERE FOR ORIGIN: https://localhost/
2025-06-02 19:04:48.298 16617-16617 Capacitor               com.euscagency.itrack                D  onGeolocationPermissionsShowPrompt: has required permission
2025-06-02 19:04:48.324 16617-16617 Capacitor/Console       com.euscagency.itrack                I  File: https://localhost/assets/index-BWX9wwRB.js - Line 48 - Msg: [console] [Transport] Sesiune deja inițializată, se omite restaurarea 
2025-06-02 19:04:48.362 16617-16617 Capacitor/Console       com.euscagency.itrack                D  File: https://localhost/assets/index-BWX9wwRB.js - Line 48 - Msg: [stateManager] Sesiune marcată ca inițializată 
2025-06-02 19:04:48.363 16617-16617 Capacitor/Console       com.euscagency.itrack                I  File: https://localhost/assets/index-BWX9wwRB.js - Line 48 - Msg: [Transport] Ștergere stare salvată (transport inactiv)
2025-06-02 19:04:48.363 16617-16617 Capacitor/Console       com.euscagency.itrack                I  File: https://localhost/assets/index-BWX9wwRB.js - Line 48 - Msg: [console] [Transport] Ștergere stare salvată (transport inactiv) 
2025-06-02 19:04:48.364 16617-16617 Capacitor/Console       com.euscagency.itrack                I  File: https://localhost/assets/index-BWX9wwRB.js - Line 48 - Msg: [State Manager] Stare ștearsă
2025-06-02 19:04:48.379 16617-16617 Capacitor/Console       com.euscagency.itrack                I  File: https://localhost/assets/index-BWX9wwRB.js - Line 48 - Msg: [console] [State Manager] Stare ștearsă 
2025-06-02 19:04:48.392 16617-16617 Capacitor/Console       com.euscagency.itrack                I  File: https://localhost/assets/index-BWX9wwRB.js - Line 48 - Msg: [stateManager] Stare aplicație ștearsă 
2025-06-02 19:04:48.393 16617-16617 Capacitor/Console       com.euscagency.itrack                I  File: https://localhost/assets/index-BWX9wwRB.js - Line 48 - Msg: TransportControls: vehicleInfo updated: [object Object]
2025-06-02 19:04:48.598 16617-16652 Capacitor               com.euscagency.itrack                D  Handling local request: https://localhost/favicon.ico
2025-06-02 19:04:48.700 16617-16617 Capacitor/Console       com.euscagency.itrack                I  File: https://localhost/assets/index-BWX9wwRB.js - Line 48 - Msg: [console] TransportControls: vehicleInfo updated: {"nr":"B200ABC","uit":"5W3Q9L6L2R4J7N26","start_locatie":"Arad","stop_locatie":"Bucuresti","codDeclarant":19008889,"denumireCui":"SUPPLY CHAIN MANAGEMENT CENTER SRL","dataTransport":"2024-03-16","ikRoTrans":11,"allTransports":[{"uit":"5W3Q9L6L2R4J7N26","start_locatie":"Arad","stop_locatie":"Bucuresti","ikRoTrans":11,"dataTransport":"2024-03-16"},{"uit":"0C8Y4R7U2A5T7Q22","start_locatie":"Arad","stop_locatie":"Bucuresti","ikRoTrans":12,"dataTransport":"2024-03-16"}]} 
2025-06-02 19:04:48.702 16617-16617 Capacitor/Console       com.euscagency.itrack                I  File: https://localhost/assets/index-BWX9wwRB.js - Line 48 - Msg: TransportControls: vehicleInfo.allTransports: [object Object],[object Object]
2025-06-02 19:04:48.702 16617-16617 Capacitor/Console       com.euscagency.itrack                I  File: https://localhost/assets/index-BWX9wwRB.js - Line 48 - Msg: [console] TransportControls: vehicleInfo.allTransports: [{"uit":"5W3Q9L6L2R4J7N26","start_locatie":"Arad","stop_locatie":"Bucuresti","ikRoTrans":11,"dataTransport":"2024-03-16"},{"uit":"0C8Y4R7U2A5T7Q22","start_locatie":"Arad","stop_locatie":"Bucuresti","ikRoTrans":12,"dataTransport":"2024-03-16"}] 
2025-06-02 19:04:48.705 16617-16617 Capacitor/Console       com.euscagency.itrack                I  File: https://localhost/assets/index-BWX9wwRB.js - Line 48 - Msg: TransportControls: Setez toate transporturile: [object Object],[object Object]
2025-06-02 19:04:48.707 16617-16617 Capacitor/Console       com.euscagency.itrack                I  File: https://localhost/assets/index-BWX9wwRB.js - Line 48 - Msg: [console] TransportControls: Setez toate transporturile: [{"id":"1","uit":"5W3Q9L6L2R4J7N26","start_locatie":"Arad","stop_locatie":"Bucuresti","status":"inactive","isTracking":false,"ikRoTrans":11,"codDeclarant":19008889,"denumireCui":"SUPPLY CHAIN MANAGEMENT CENTER SRL","nrVehicul":"B200ABC","dataTransport":"2024-03-16","Vama":null,"BirouVamal":null},{"id":"2","uit":"0C8Y4R7U2A5T7Q22","start_locatie":"Arad","stop_locatie":"Bucuresti","status":"inactive","isTracking":false,"ikRoTrans":12,"codDeclarant":19008889,"denumireCui":"SUPPLY CHAIN MANAGEMENT CENTER SRL","nrVehicul":"B200ABC","dataTransport":"2024-03-16","Vama":null,"BirouVamal":null}] 
2025-06-02 19:04:48.708 16617-16617 Capacitor/Console       com.euscagency.itrack                I  File: https://localhost/assets/index-BWX9wwRB.js - Line 48 - Msg: [TransportControls] Sincronizare stare: [object Object]
2025-06-02 19:04:48.713 16617-16617 Capacitor/Console       com.euscagency.itrack                I  File: https://localhost/assets/index-BWX9wwRB.js - Line 48 - Msg: [console] [TransportControls] Sincronizare stare: {"localStatus":"active","contextStatus":"inactive","effectiveStatus":"active","activeUitFromStorage":null} 
2025-06-02 19:04:48.715 16617-16617 Capacitor/Console       com.euscagency.itrack                I  File: https://localhost/assets/index-BWX9wwRB.js - Line 48 - Msg: [Transport] Sesiune deja inițializată, se omite restaurarea
2025-06-02 19:04:48.718 16617-16617 Capacitor/Console       com.euscagency.itrack                I  File: https://localhost/assets/index-BWX9wwRB.js - Line 48 - Msg: [console] [Transport] Sesiune deja inițializată, se omite restaurarea 
2025-06-02 19:04:48.719 16617-16617 Capacitor/Console       com.euscagency.itrack                D  File: https://localhost/assets/index-BWX9wwRB.js - Line 48 - Msg: [stateManager] Sesiune marcată ca inițializată 
2025-06-02 19:04:48.720 16617-16617 Capacitor/Console       com.euscagency.itrack                I  File: https://localhost/assets/index-BWX9wwRB.js - Line 48 - Msg: [Transport] Ștergere stare salvată (transport inactiv)
2025-06-02 19:04:48.725 16617-16617 Capacitor/Console       com.euscagency.itrack                I  File: https://localhost/assets/index-BWX9wwRB.js - Line 48 - Msg: [console] [Transport] Ștergere stare salvată (transport inactiv) 
2025-06-02 19:04:48.726 16617-16617 Capacitor/Console       com.euscagency.itrack                I  File: https://localhost/assets/index-BWX9wwRB.js - Line 48 - Msg: [State Manager] Stare ștearsă
2025-06-02 19:04:48.727 16617-16617 Capacitor/Console       com.euscagency.itrack                I  File: https://localhost/assets/index-BWX9wwRB.js - Line 48 - Msg: [console] [State Manager] Stare ștearsă 
2025-06-02 19:04:48.727 16617-16617 Capacitor/Console       com.euscagency.itrack                I  File: https://localhost/assets/index-BWX9wwRB.js - Line 48 - Msg: [stateManager] Stare aplicație ștearsă 
2025-06-02 19:04:48.728 16617-16617 Capacitor/Console       com.euscagency.itrack                I  File: https://localhost/assets/index-BWX9wwRB.js - Line 48 - Msg: MobileHeader: Actualizare stare GPS: [object Object]
2025-06-02 19:04:48.728 16617-16617 Capacitor/Console       com.euscagency.itrack                I  File: https://localhost/assets/index-BWX9wwRB.js - Line 48 - Msg: [console] MobileHeader: Actualizare stare GPS: {"transportStatus":"inactive","isGpsActive":false,"hasCoordinates":false} 
2025-06-02 19:04:48.728 16617-16617 Capacitor/Console       com.euscagency.itrack                I  File: https://localhost/assets/index-BWX9wwRB.js - Line 48 - Msg: TransportControls: vehicleInfo updated: [object Object]
2025-06-02 19:04:48.729 16617-16617 Capacitor/Console       com.euscagency.itrack                I  File: https://localhost/assets/index-BWX9wwRB.js - Line 48 - Msg: [console] TransportControls: vehicleInfo updated: {"nr":"B200ABC","uit":"5W3Q9L6L2R4J7N26","start_locatie":"Arad","stop_locatie":"Bucuresti","codDeclarant":19008889,"denumireCui":"SUPPLY CHAIN MANAGEMENT CENTER SRL","dataTransport":"2024-03-16","ikRoTrans":11,"allTransports":[{"uit":"5W3Q9L6L2R4J7N26","start_locatie":"Arad","stop_locatie":"Bucuresti","ikRoTrans":11,"dataTransport":"2024-03-16"},{"uit":"0C8Y4R7U2A5T7Q22","start_locatie":"Arad","stop_locatie":"Bucuresti","ikRoTrans":12,"dataTransport":"2024-03-16"}]} 
2025-06-02 19:04:48.731 16617-16617 Capacitor/Console       com.euscagency.itrack                I  File: https://localhost/assets/index-BWX9wwRB.js - Line 48 - Msg: TransportControls: vehicleInfo.allTransports: [object Object],[object Object]
2025-06-02 19:04:48.731 16617-16652 Capacitor               com.euscagency.itrack                D  Handling local request: https://localhost/favicon.ico
2025-06-02 19:04:48.731 16617-16617 Capacitor/Console       com.euscagency.itrack                I  File: https://localhost/assets/index-BWX9wwRB.js - Line 48 - Msg: [console] TransportControls: vehicleInfo.allTransports: [{"uit":"5W3Q9L6L2R4J7N26","start_locatie":"Arad","stop_locatie":"Bucuresti","ikRoTrans":11,"dataTransport":"2024-03-16"},{"uit":"0C8Y4R7U2A5T7Q22","start_locatie":"Arad","stop_locatie":"Bucuresti","ikRoTrans":12,"dataTransport":"2024-03-16"}] 
2025-06-02 19:04:48.732 16617-16617 Capacitor/Console       com.euscagency.itrack                I  File: https://localhost/assets/index-BWX9wwRB.js - Line 48 - Msg: TransportControls: Setez toate transporturile: [object Object],[object Object]
2025-06-02 19:04:48.732 16617-16617 Capacitor/Console       com.euscagency.itrack                I  File: https://localhost/assets/index-BWX9wwRB.js - Line 48 - Msg: [console] TransportControls: Setez toate transporturile: [{"id":"1","uit":"5W3Q9L6L2R4J7N26","start_locatie":"Arad","stop_locatie":"Bucuresti","status":"inactive","isTracking":false,"ikRoTrans":11,"codDeclarant":19008889,"denumireCui":"SUPPLY CHAIN MANAGEMENT CENTER SRL","nrVehicul":"B200ABC","dataTransport":"2024-03-16","Vama":null,"BirouVamal":null},{"id":"2","uit":"0C8Y4R7U2A5T7Q22","start_locatie":"Arad","stop_locatie":"Bucuresti","status":"inactive","isTracking":false,"ikRoTrans":12,"codDeclarant":19008889,"denumireCui":"SUPPLY CHAIN MANAGEMENT CENTER SRL","nrVehicul":"B200ABC","dataTransport":"2024-03-16","Vama":null,"BirouVamal":null}] 
2025-06-02 19:04:48.733 16617-16617 Capacitor/Console       com.euscagency.itrack                I  File: https://localhost/assets/index-BWX9wwRB.js - Line 48 - Msg: [TransportControls] Sincronizare stare: [object Object]
2025-06-02 19:04:48.738 16617-16617 Capacitor/Console       com.euscagency.itrack                I  File: https://localhost/assets/index-BWX9wwRB.js - Line 48 - Msg: [console] [TransportControls] Sincronizare stare: {"localStatus":"active","contextStatus":"inactive","effectiveStatus":"active","activeUitFromStorage":null} 
2025-06-02 19:04:48.950 16617-16617 Capacitor/Console       com.euscagency.itrack                I  File: https://localhost/assets/index-BWX9wwRB.js - Line 48 - Msg: Solicitare permisiuni GPS la pornirea aplicației...
2025-06-02 19:04:48.951 16617-16617 Capacitor/Console       com.euscagency.itrack                I  File: https://localhost/assets/index-BWX9wwRB.js - Line 48 - Msg: [console] Solicitare permisiuni GPS la pornirea aplicației... 
2025-06-02 19:04:48.952 16617-16617 Capacitor/Console       com.euscagency.itrack                I  File: https://localhost/assets/index-BWX9wwRB.js - Line 48 - Msg: Forțăm cererea permisiunilor la pornirea aplicației
2025-06-02 19:04:48.961 16617-16617 Capacitor/Console       com.euscagency.itrack                I  File: https://localhost/assets/index-BWX9wwRB.js - Line 48 - Msg: [console] Forțăm cererea permisiunilor la pornirea aplicației 
2025-06-02 19:04:50.068 16617-16617 Capacitor/Console       com.euscagency.itrack                I  File: https://localhost/assets/index-BWX9wwRB.js - Line 48 - Msg: GPS disponibil, poziție obținută: [object Object]
2025-06-02 19:04:50.082 16617-16617 Capacitor/Console       com.euscagency.itrack                I  File: https://localhost/assets/index-BWX9wwRB.js - Line 48 - Msg: [console] GPS disponibil, poziție obținută: {"lat":37.4220936,"lng":-122.083922} 
2025-06-02 19:04:50.156 16617-16712 ProfileInstaller        com.euscagency.itrack                D  Installing profile for com.euscagency.itrack
2025-06-02 19:04:55.326 16617-16617 Capacitor/Console       com.euscagency.itrack                I  File: https://localhost/assets/index-BWX9wwRB.js - Line 48 - Msg: Solicitare permisiuni locație la pornirea aplicației
2025-06-02 19:04:55.339 16617-16617 Capacitor/Console       com.euscagency.itrack                I  File: https://localhost/assets/index-BWX9wwRB.js - Line 48 - Msg: [console] Solicitare permisiuni locație la pornirea aplicației 
2025-06-02 19:04:55.339 16617-16617 Capacitor/Console       com.euscagency.itrack                I  File: https://localhost/assets/index-BWX9wwRB.js - Line 48 - Msg: Forțăm solicitarea permisiunilor de locație la fiecare pornire
2025-06-02 19:04:55.346 16617-16617 Capacitor/Console       com.euscagency.itrack                I  File: https://localhost/assets/index-BWX9wwRB.js - Line 48 - Msg: [console] Forțăm solicitarea permisiunilor de locație la fiecare pornire 
2025-06-02 19:04:55.351 16617-16617 Capacitor/Console       com.euscagency.itrack                I  File: https://localhost/assets/index-BWX9wwRB.js - Line 48 - Msg: Verificăm dacă serviciile de locație sunt activate pe Android
2025-06-02 19:04:55.354 16617-16617 Capacitor/Console       com.euscagency.itrack                I  File: https://localhost/assets/index-BWX9wwRB.js - Line 48 - Msg: [console] Verificăm dacă serviciile de locație sunt activate pe Android 
2025-06-02 19:04:55.354 16617-16617 Capacitor/Console       com.euscagency.itrack                I  File: https://localhost/assets/index-BWX9wwRB.js - Line 48 - Msg: Verificare servicii locație omisă - vom continua și vom gestiona erorile când apar
2025-06-02 19:04:55.363 16617-16617 Capacitor/Console       com.euscagency.itrack                I  File: https://localhost/assets/index-BWX9wwRB.js - Line 48 - Msg: [console] Verificare servicii locație omisă - vom continua și vom gestiona erorile când apar 
2025-06-02 19:04:55.363 16617-16617 Capacitor/Console       com.euscagency.itrack                I  File: https://localhost/assets/index-BWX9wwRB.js - Line 48 - Msg: Debug Capacitor: [object Object]
2025-06-02 19:04:55.375 16617-16617 Capacitor/Console       com.euscagency.itrack                I  File: https://localhost/assets/index-BWX9wwRB.js - Line 48 - Msg: [console] Debug Capacitor: {"isNativePlatform":true,"platform":"android","userAgent":"Mozilla/5.0 (Linux; Android 16; sdk_gphone64_x86_64 Build/BP22.250325.006; wv) AppleWebKit/537.36 (KHTML, like Gecko) Version/4.0 Chrome/136.0.7103.60 Mobile Safari/537.36"} 
2025-06-02 19:04:55.386 16617-16617 Capacitor/Plugin        com.euscagency.itrack                V  To native (Capacitor plugin): callbackId: 19358496, pluginId: Geolocation, methodName: checkPermissions
2025-06-02 19:04:55.387 16617-16617 Capacitor               com.euscagency.itrack                V  callback: 19358496, pluginId: Geolocation, methodName: checkPermissions, methodData: {}
2025-06-02 19:04:55.429 16617-16617 Capacitor/Console       com.euscagency.itrack                I  File: https://localhost/assets/index-BWX9wwRB.js - Line 48 - Msg: Stare permisiuni GPS: granted
2025-06-02 19:04:55.445 16617-16617 Capacitor/Console       com.euscagency.itrack                I  File: https://localhost/assets/index-BWX9wwRB.js - Line 48 - Msg: [console] Stare permisiuni GPS: granted 
2025-06-02 19:04:55.445 16617-16617 Capacitor/Console       com.euscagency.itrack                I  File: https://localhost/assets/index-BWX9wwRB.js - Line 48 - Msg: Permisiune GPS deja acordată sau disponibilă
2025-06-02 19:04:55.474 16617-16617 Capacitor/Console       com.euscagency.itrack                I  File: https://localhost/assets/index-BWX9wwRB.js - Line 48 - Msg: [console] Permisiune GPS deja acordată sau disponibilă 
2025-06-02 19:04:55.474 16617-16617 Capacitor/Console       com.euscagency.itrack                I  File: https://localhost/assets/index-BWX9wwRB.js - Line 48 - Msg: Permisiuni GPS acordate cu succes
2025-06-02 19:04:55.475 16617-16617 Capacitor/Console       com.euscagency.itrack                I  File: https://localhost/assets/index-BWX9wwRB.js - Line 48 - Msg: [console] Permisiuni GPS acordate cu succes 
2025-06-02 19:04:55.516 16617-16623 scagency.itrack         com.euscagency.itrack                I  Background concurrent mark compact GC freed 5135KB AllocSpace bytes, 29(1028KB) LOS objects, 49% free, 4171KB/8342KB, paused 1.751ms,3.307ms total 189.094ms
2025-06-02 19:04:56.820 16617-16617 Capacitor/Console       com.euscagency.itrack                I  File: https://localhost/assets/index-BWX9wwRB.js - Line 48 - Msg: [Transport] Începere pornire transport
2025-06-02 19:04:56.831 16617-16617 Capacitor/Console       com.euscagency.itrack                I  File: https://localhost/assets/index-BWX9wwRB.js - Line 48 - Msg: [console] [Transport] Începere pornire transport 
2025-06-02 19:04:56.831 16617-16617 Capacitor/Console       com.euscagency.itrack                I  File: https://localhost/assets/index-BWX9wwRB.js - Line 48 - Msg: [Transport] Verificare UIT pentru pornire transport: [object Object]
2025-06-02 19:04:56.838 16617-16617 Capacitor/Console       com.euscagency.itrack                I  File: https://localhost/assets/index-BWX9wwRB.js - Line 48 - Msg: [console] [Transport] Verificare UIT pentru pornire transport: {"currentActiveUit":null,"vehicleInfoUit":"5W3Q9L6L2R4J7N26","selectedUits":[]} 
2025-06-02 19:04:56.838 16617-16617 Capacitor/Console       com.euscagency.itrack                I  File: https://localhost/assets/index-BWX9wwRB.js - Line 48 - Msg: [Transport] Încercare de generare UIT din vehicleInfo: 5W3Q9L6L2R4J7N26
2025-06-02 19:04:56.845 16617-16617 Capacitor/Console       com.euscagency.itrack                I  File: https://localhost/assets/index-BWX9wwRB.js - Line 48 - Msg: [console] [Transport] Încercare de generare UIT din vehicleInfo: 5W3Q9L6L2R4J7N26 
2025-06-02 19:04:56.845 16617-16617 Capacitor/Console       com.euscagency.itrack                I  File: https://localhost/assets/index-BWX9wwRB.js - Line 48 - Msg: [Transport] UIT generat și setat din vehicleInfo: [object Object]
2025-06-02 19:04:56.851 16617-16617 Capacitor/Console       com.euscagency.itrack                I  File: https://localhost/assets/index-BWX9wwRB.js - Line 48 - Msg: [console] [Transport] UIT generat și setat din vehicleInfo: {"uit":"5W3Q9L6L2R4J7N26","start_locatie":"Arad","stop_locatie":"Bucuresti"} 
2025-06-02 19:04:56.851 16617-16617 Capacitor/Console       com.euscagency.itrack                I  File: https://localhost/assets/index-BWX9wwRB.js - Line 48 - Msg: [Transport] Pornire GPS tracking...
2025-06-02 19:04:56.857 16617-16617 Capacitor/Console       com.euscagency.itrack                I  File: https://localhost/assets/index-BWX9wwRB.js - Line 48 - Msg: [console] [Transport] Pornire GPS tracking... 
2025-06-02 19:04:56.858 16617-16617 Capacitor/Console       com.euscagency.itrack                I  File: https://localhost/assets/index-BWX9wwRB.js - Line 48 - Msg: Setare control acces GPS: Auth=true, Transport=true
2025-06-02 19:04:56.862 16617-16617 Capacitor/Console       com.euscagency.itrack                I  File: https://localhost/assets/index-BWX9wwRB.js - Line 48 - Msg: [console] Setare control acces GPS: Auth=true, Transport=true 
2025-06-02 19:04:56.863 16617-16617 Capacitor/Console       com.euscagency.itrack                I  File: https://localhost/assets/index-BWX9wwRB.js - Line 48 - Msg: [Transport] Control GPS activat explicit
2025-06-02 19:04:56.869 16617-16617 Capacitor/Console       com.euscagency.itrack                I  File: https://localhost/assets/index-BWX9wwRB.js - Line 48 - Msg: [console] [Transport] Control GPS activat explicit 
2025-06-02 19:04:56.869 16617-16617 Capacitor/Console       com.euscagency.itrack                I  File: https://localhost/assets/index-BWX9wwRB.js - Line 48 - Msg: [Transport] Verificare GPS pe platformă: mobilă
2025-06-02 19:04:56.874 16617-16617 Capacitor/Console       com.euscagency.itrack                I  File: https://localhost/assets/index-BWX9wwRB.js - Line 48 - Msg: [console] [Transport] Verificare GPS pe platformă: mobilă 
2025-06-02 19:04:56.874 16617-16617 Capacitor/Console       com.euscagency.itrack                I  File: https://localhost/assets/index-BWX9wwRB.js - Line 48 - Msg: Solicitare permisiuni locație la pornirea aplicației
2025-06-02 19:04:56.878 16617-16617 Capacitor/Console       com.euscagency.itrack                I  File: https://localhost/assets/index-BWX9wwRB.js - Line 48 - Msg: [console] Solicitare permisiuni locație la pornirea aplicației 
2025-06-02 19:04:56.879 16617-16617 Capacitor/Console       com.euscagency.itrack                I  File: https://localhost/assets/index-BWX9wwRB.js - Line 48 - Msg: Forțăm solicitarea permisiunilor de locație la fiecare pornire
2025-06-02 19:04:56.884 16617-16617 Capacitor/Console       com.euscagency.itrack                I  File: https://localhost/assets/index-BWX9wwRB.js - Line 48 - Msg: [console] Forțăm solicitarea permisiunilor de locație la fiecare pornire 
2025-06-02 19:04:56.884 16617-16617 Capacitor/Console       com.euscagency.itrack                I  File: https://localhost/assets/index-BWX9wwRB.js - Line 48 - Msg: Verificăm dacă serviciile de locație sunt activate pe Android
2025-06-02 19:04:56.890 16617-16617 Capacitor/Console       com.euscagency.itrack                I  File: https://localhost/assets/index-BWX9wwRB.js - Line 48 - Msg: [console] Verificăm dacă serviciile de locație sunt activate pe Android 
2025-06-02 19:04:56.891 16617-16617 Capacitor/Console       com.euscagency.itrack                I  File: https://localhost/assets/index-BWX9wwRB.js - Line 48 - Msg: Verificare servicii locație omisă - vom continua și vom gestiona erorile când apar
2025-06-02 19:04:56.896 16617-16617 Capacitor/Console       com.euscagency.itrack                I  File: https://localhost/assets/index-BWX9wwRB.js - Line 48 - Msg: [console] Verificare servicii locație omisă - vom continua și vom gestiona erorile când apar 
2025-06-02 19:04:56.896 16617-16617 Capacitor/Console       com.euscagency.itrack                I  File: https://localhost/assets/index-BWX9wwRB.js - Line 48 - Msg: Debug Capacitor: [object Object]
2025-06-02 19:04:56.902 16617-16617 Capacitor/Console       com.euscagency.itrack                I  File: https://localhost/assets/index-BWX9wwRB.js - Line 48 - Msg: [console] Debug Capacitor: {"isNativePlatform":true,"platform":"android","userAgent":"Mozilla/5.0 (Linux; Android 16; sdk_gphone64_x86_64 Build/BP22.250325.006; wv) AppleWebKit/537.36 (KHTML, like Gecko) Version/4.0 Chrome/136.0.7103.60 Mobile Safari/537.36"} 
2025-06-02 19:04:56.902 16617-16617 Capacitor/Console       com.euscagency.itrack                I  File: https://localhost/assets/index-BWX9wwRB.js - Line 48 - Msg: [TransportControls] Sincronizare stare: [object Object]
2025-06-02 19:04:56.908 16617-16617 Capacitor/Console       com.euscagency.itrack                I  File: https://localhost/assets/index-BWX9wwRB.js - Line 48 - Msg: [console] [TransportControls] Sincronizare stare: {"localStatus":"active","contextStatus":"inactive","effectiveStatus":"active","activeUitFromStorage":null,"currentActiveUit":"5W3Q9L6L2R4J7N26"} 
2025-06-02 19:04:56.908 16617-16617 Capacitor/Console       com.euscagency.itrack                I  File: https://localhost/assets/index-BWX9wwRB.js - Line 48 - Msg: [Transport] Salvare stare: Status=inactive, UIT=5W3Q9L6L2R4J7N26
2025-06-02 19:04:56.912 16617-16617 Capacitor/Console       com.euscagency.itrack                I  File: https://localhost/assets/index-BWX9wwRB.js - Line 48 - Msg: [console] [Transport] Salvare stare: Status=inactive, UIT=5W3Q9L6L2R4J7N26 
2025-06-02 19:04:56.917 16617-16617 Capacitor/Console       com.euscagency.itrack                I  File: https://localhost/assets/index-BWX9wwRB.js - Line 48 - Msg: [stateManager] Stare aplicație salvată [object Object]
2025-06-02 19:04:56.920 16617-16617 Capacitor/Plugin        com.euscagency.itrack                V  To native (Capacitor plugin): callbackId: 19358497, pluginId: Geolocation, methodName: checkPermissions
2025-06-02 19:04:56.920 16617-16617 Capacitor               com.euscagency.itrack                V  callback: 19358497, pluginId: Geolocation, methodName: checkPermissions, methodData: {}
2025-06-02 19:04:56.934 16617-16617 Capacitor/Console       com.euscagency.itrack                I  File: https://localhost/assets/index-BWX9wwRB.js - Line 48 - Msg: Stare permisiuni GPS: granted
2025-06-02 19:04:56.945 16617-16617 Capacitor/Console       com.euscagency.itrack                I  File: https://localhost/assets/index-BWX9wwRB.js - Line 48 - Msg: [console] Stare permisiuni GPS: granted 
2025-06-02 19:04:56.946 16617-16617 Capacitor/Console       com.euscagency.itrack                I  File: https://localhost/assets/index-BWX9wwRB.js - Line 48 - Msg: Permisiune GPS deja acordată sau disponibilă
2025-06-02 19:04:56.957 16617-16617 Capacitor/Console       com.euscagency.itrack                I  File: https://localhost/assets/index-BWX9wwRB.js - Line 48 - Msg: [console] Permisiune GPS deja acordată sau disponibilă 
2025-06-02 19:04:56.958 16617-16617 Capacitor/Console       com.euscagency.itrack                I  File: https://localhost/assets/index-BWX9wwRB.js - Line 48 - Msg: [Transport] Încercăm obținerea poziției GPS pe dispozitiv mobil
2025-06-02 19:04:56.966 16617-16617 Capacitor/Console       com.euscagency.itrack                I  File: https://localhost/assets/index-BWX9wwRB.js - Line 48 - Msg: [console] [Transport] Încercăm obținerea poziției GPS pe dispozitiv mobil 
2025-06-02 19:04:56.967 16617-16617 Capacitor/Console       com.euscagency.itrack                I  File: https://localhost/assets/index-BWX9wwRB.js - Line 48 - Msg: [Transport] Nu există UIT activ, încercăm să folosim alte surse
2025-06-02 19:04:56.974 16617-16617 Capacitor/Console       com.euscagency.itrack                I  File: https://localhost/assets/index-BWX9wwRB.js - Line 48 - Msg: [console] [Transport] Nu există UIT activ, încercăm să folosim alte surse 
2025-06-02 19:04:56.974 16617-16617 Capacitor/Console       com.euscagency.itrack                I  File: https://localhost/assets/index-BWX9wwRB.js - Line 48 - Msg: [Transport] UIT generat din vehicleInfo: [object Object]
2025-06-02 19:04:56.978 16617-16617 Capacitor/Console       com.euscagency.itrack                I  File: https://localhost/assets/index-BWX9wwRB.js - Line 48 - Msg: [console] [Transport] UIT generat din vehicleInfo: {"uit":"5W3Q9L6L2R4J7N26","start_locatie":"Arad","stop_locatie":"Bucuresti"} 
2025-06-02 19:04:56.978 16617-16617 Capacitor/Console       com.euscagency.itrack                I  File: https://localhost/assets/index-BWX9wwRB.js - Line 48 - Msg: [Transport] UIT actualizat înainte de pornirea GPS-ului: [object Object]
2025-06-02 19:04:56.986 16617-16617 Capacitor/Console       com.euscagency.itrack                I  File: https://localhost/assets/index-BWX9wwRB.js - Line 48 - Msg: [console] [Transport] UIT actualizat înainte de pornirea GPS-ului: {"uit":"5W3Q9L6L2R4J7N26","start_locatie":"Arad","stop_locatie":"Bucuresti"} 
2025-06-02 19:04:56.986 16617-16617 Capacitor/Console       com.euscagency.itrack                I  File: https://localhost/assets/index-BWX9wwRB.js - Line 48 - Msg: [Transport] GPS nu pornește automat - transportul nu este activ
2025-06-02 19:04:56.992 16617-16617 Capacitor/Console       com.euscagency.itrack                I  File: https://localhost/assets/index-BWX9wwRB.js - Line 48 - Msg: [console] [Transport] GPS nu pornește automat - transportul nu este activ 
2025-06-02 19:04:56.992 16617-16617 Capacitor/Console       com.euscagency.itrack                I  File: https://localhost/assets/index-BWX9wwRB.js - Line 48 - Msg: [Transport] Rezultat pornire GPS: false
2025-06-02 19:04:56.999 16617-16617 Capacitor/Console       com.euscagency.itrack                I  File: https://localhost/assets/index-BWX9wwRB.js - Line 48 - Msg: [console] [Transport] Rezultat pornire GPS: false 
2025-06-02 19:04:57.004 16617-16617 Capacitor/Console       com.euscagency.itrack                E  File: https://localhost/assets/index-BWX9wwRB.js - Line 48 - Msg: [Transport] Nu s-a putut porni GPS-ul pe platformă mobilă
2025-06-02 19:04:57.009 16617-16617 Capacitor/Console       com.euscagency.itrack                E  File: https://localhost/assets/index-BWX9wwRB.js - Line 48 - Msg: [console] [Transport] Nu s-a putut porni GPS-ul pe platformă mobilă 
2025-06-02 19:04:57.009 16617-16617 Capacitor/Console       com.euscagency.itrack                E  File: https://localhost/assets/index-BWX9wwRB.js - Line 48 - Msg: Eroare la pornirea transportului: Error: Pornirea transportului a eșuat
2025-06-02 19:04:57.017 16617-16617 Capacitor/Console       com.euscagency.itrack                E  File: https://localhost/assets/index-BWX9wwRB.js - Line 48 - Msg: [console] Eroare la pornirea transportului: {} 
2025-06-02 19:04:57.020 16617-16617 Capacitor/Console       com.euscagency.itrack                I  File: https://localhost/assets/index-BWX9wwRB.js - Line 48 - Msg: [TransportControls] Sincronizare stare: [object Object]
2025-06-02 19:04:57.033 16617-16617 Capacitor/Console       com.euscagency.itrack                I  File: https://localhost/assets/index-BWX9wwRB.js - Line 48 - Msg: [console] [TransportControls] Sincronizare stare: {"localStatus":"active","contextStatus":"inactive","effectiveStatus":"active","activeUitFromStorage":null,"currentActiveUit":"5W3Q9L6L2R4J7N26"} 
2025-06-02 19:04:57.033 16617-16617 Capacitor/Console       com.euscagency.itrack                I  File: https://localhost/assets/index-BWX9wwRB.js - Line 48 - Msg: [Transport] Salvare stare: Status=inactive, UIT=5W3Q9L6L2R4J7N26
2025-06-02 19:04:57.047 16617-16617 Capacitor/Console       com.euscagency.itrack                I  File: https://localhost/assets/index-BWX9wwRB.js - Line 48 - Msg: [console] [Transport] Salvare stare: Status=inactive, UIT=5W3Q9L6L2R4J7N26 
2025-06-02 19:04:57.062 16617-16617 Capacitor/Console       com.euscagency.itrack                I  File: https://localhost/assets/index-BWX9wwRB.js - Line 48 - Msg: [stateManager] Stare aplicație salvată [object Object]